Webpack: Starting ...
[2K[1A[2K[GWebpack: Starting ...

  > Compile modules
[2K[1A[2K[1A[2K[1A[2K[GWebpack: Starting ...

  ÔêÜ Compile modules
  > Build modules (0%)
[2K[1A[2K[1A[2K[1A[2K[1A[2K[GWebpack: Starting ...

  ÔêÜ Compile modules
  > Build modules (38%)
[2K[1A[2K[1A[2K[1A[2K[1A[2K[GWebpack: Starting ...

  ÔêÜ Compile modules
  > Build modules (92%)
[2K[1A[2K[1A[2K[1A[2K[1A[2K[GWebpack: Starting ...

  ÔêÜ Compile modules
  > Build modules (98%)
[2K[1A[2K[1A[2K[1A[2K[1A[2K[GWebpack: Starting ...

  ÔêÜ Compile modules
  > Build modules (100%)
[2K[1A[2K[1A[2K[1A[2K[1A[2K[GWebpack: Starting ...

  ÔêÜ Compile modules
  ÔêÜ Build modules
  > Optimize modules (-2%)
    ÔåÆ Sealing ...
[2K[1A[2K[1A[2K[1A[2K[1A[2K[1A[2K[1A[2K[GWebpack: Starting ...

  ÔêÜ Compile modules
  ÔêÜ Build modules
  > Optimize modules (1%)
    ÔåÆ Sealing ...
[2K[1A[2K[1A[2K[1A[2K[1A[2K[1A[2K[1A[2K[GWebpack: Starting ...

  ÔêÜ Compile modules
  ÔêÜ Build modules
  > Optimize modules (4%)
    ÔåÆ Sealing ...
[2K[1A[2K[1A[2K[1A[2K[1A[2K[1A[2K[1A[2K[GWebpack: Starting ...

  ÔêÜ Compile modules
  ÔêÜ Build modules
  > Optimize modules (7%)
    ÔåÆ Sealing ...
[2K[1A[2K[1A[2K[1A[2K[1A[2K[1A[2K[1A[2K[GWebpack: Starting ...

  ÔêÜ Compile modules
  ÔêÜ Build modules
  > Optimize modules (10%)
    ÔåÆ Sealing ...
[2K[1A[2K[1A[2K[1A[2K[1A[2K[1A[2K[1A[2K[GWebpack: Starting ...

  ÔêÜ Compile modules
  ÔêÜ Build modules
  > Optimize modules (12%)
    ÔåÆ Sealing ...
[2K[1A[2K[1A[2K[1A[2K[1A[2K[1A[2K[1A[2K[GWebpack: Starting ...

  ÔêÜ Compile modules
  ÔêÜ Build modules
  > Optimize modules (15%)
    ÔåÆ Sealing ...
[2K[1A[2K[1A[2K[1A[2K[1A[2K[1A[2K[1A[2K[GWebpack: Starting ...

  ÔêÜ Compile modules
  ÔêÜ Build modules
  > Optimize modules (18%)
    ÔåÆ Sealing ...
[2K[1A[2K[1A[2K[1A[2K[1A[2K[1A[2K[1A[2K[GWebpack: Starting ...

  ÔêÜ Compile modules
  ÔêÜ Build modules
  > Optimize modules (21%)
    ÔåÆ Sealing ...
[2K[1A[2K[1A[2K[1A[2K[1A[2K[1A[2K[1A[2K[GWebpack: Starting ...

  ÔêÜ Compile modules
  ÔêÜ Build modules
  > Optimize modules (24%)
    ÔåÆ Sealing ...
[2K[1A[2K[1A[2K[1A[2K[1A[2K[1A[2K[1A[2K[GWebpack: Starting ...

  ÔêÜ Compile modules
  ÔêÜ Build modules
  > Optimize modules (26%)
    ÔåÆ Sealing ...
[2K[1A[2K[1A[2K[1A[2K[1A[2K[1A[2K[1A[2K[GWebpack: Starting ...

  ÔêÜ Compile modules
  ÔêÜ Build modules
  > Optimize modules (29%)
    ÔåÆ Sealing ...
[2K[1A[2K[1A[2K[1A[2K[1A[2K[1A[2K[1A[2K[GWebpack: Starting ...

  ÔêÜ Compile modules
  ÔêÜ Build modules
  > Optimize modules (32%)
    ÔåÆ Sealing ...
[2K[1A[2K[1A[2K[1A[2K[1A[2K[1A[2K[1A[2K[GWebpack: Starting ...

  ÔêÜ Compile modules
  ÔêÜ Build modules
  > Optimize modules (35%)
    ÔåÆ Sealing ...
[2K[1A[2K[1A[2K[1A[2K[1A[2K[1A[2K[1A[2K[GWebpack: Starting ...

  ÔêÜ Compile modules
  ÔêÜ Build modules
  > Optimize modules (37%)
    ÔåÆ Sealing ...
[2K[1A[2K[1A[2K[1A[2K[1A[2K[1A[2K[1A[2K[GWebpack: Starting ...

  ÔêÜ Compile modules
  ÔêÜ Build modules
  > Optimize modules (40%)
    ÔåÆ Sealing ...
[2K[1A[2K[1A[2K[1A[2K[1A[2K[1A[2K[1A[2K[GWebpack: Starting ...

  ÔêÜ Compile modules
  ÔêÜ Build modules
  > Optimize modules (43%)
    ÔåÆ Sealing ...
[2K[1A[2K[1A[2K[1A[2K[1A[2K[1A[2K[1A[2K[GWebpack: Starting ...

  ÔêÜ Compile modules
  ÔêÜ Build modules
  > Optimize modules (46%)
    ÔåÆ Sealing ...
[2K[1A[2K[1A[2K[1A[2K[1A[2K[1A[2K[1A[2K[GWebpack: Starting ...

  ÔêÜ Compile modules
  ÔêÜ Build modules
  > Optimize modules (49%)
    ÔåÆ Sealing ...
[2K[1A[2K[1A[2K[1A[2K[1A[2K[1A[2K[1A[2K[GWebpack: Starting ...

  ÔêÜ Compile modules
  ÔêÜ Build modules
  > Optimize modules (51%)
    ÔåÆ Sealing ...
[2K[1A[2K[1A[2K[1A[2K[1A[2K[1A[2K[1A[2K[GWebpack: Starting ...

  ÔêÜ Compile modules
  ÔêÜ Build modules
  > Optimize modules (54%)
    ÔåÆ Sealing ...
[2K[1A[2K[1A[2K[1A[2K[1A[2K[1A[2K[1A[2K[GWebpack: Starting ...

  ÔêÜ Compile modules
  ÔêÜ Build modules
  > Optimize modules (57%)
    ÔåÆ Sealing ...
[2K[1A[2K[1A[2K[1A[2K[1A[2K[1A[2K[1A[2K[GWebpack: Starting ...

  ÔêÜ Compile modules
  ÔêÜ Build modules
  > Optimize modules (60%)
    ÔåÆ Sealing ...
[2K[1A[2K[1A[2K[1A[2K[1A[2K[1A[2K[1A[2K[GWebpack: Starting ...

  ÔêÜ Compile modules
  ÔêÜ Build modules
  > Optimize modules (63%)
    ÔåÆ Sealing ...
[2K[1A[2K[1A[2K[1A[2K[1A[2K[1A[2K[1A[2K[GWebpack: Starting ...

  ÔêÜ Compile modules
  ÔêÜ Build modules
  > Optimize modules (65%)
    ÔåÆ Sealing ...
[2K[1A[2K[1A[2K[1A[2K[1A[2K[1A[2K[1A[2K[GWebpack: Starting ...

  ÔêÜ Compile modules
  ÔêÜ Build modules
  > Optimize modules (68%)
    ÔåÆ Sealing ...
[2K[1A[2K[1A[2K[1A[2K[1A[2K[1A[2K[1A[2K[GWebpack: Starting ...

  ÔêÜ Compile modules
  ÔêÜ Build modules
  > Optimize modules (71%)
    ÔåÆ Sealing ...
[2K[1A[2K[1A[2K[1A[2K[1A[2K[1A[2K[1A[2K[GWebpack: Starting ...

  ÔêÜ Compile modules
  ÔêÜ Build modules
  > Optimize modules (74%)
    ÔåÆ Sealing ...
[2K[1A[2K[1A[2K[1A[2K[1A[2K[1A[2K[1A[2K[GWebpack: Starting ...

  ÔêÜ Compile modules
  ÔêÜ Build modules
  > Optimize modules (76%)
    ÔåÆ Sealing ...
[2K[1A[2K[1A[2K[1A[2K[1A[2K[1A[2K[1A[2K[GWebpack: Starting ...

  ÔêÜ Compile modules
  ÔêÜ Build modules
  > Optimize modules (79%)
    ÔåÆ Sealing ...
[2K[1A[2K[1A[2K[1A[2K[1A[2K[1A[2K[1A[2K[GWebpack: Starting ...

  ÔêÜ Compile modules
  ÔêÜ Build modules
  > Optimize modules (82%)
    ÔåÆ Sealing ...
[2K[1A[2K[1A[2K[1A[2K[1A[2K[1A[2K[1A[2K[GWebpack: Starting ...

  ÔêÜ Compile modules
  ÔêÜ Build modules
  > Optimize modules (85%)
    ÔåÆ Sealing ...
[2K[1A[2K[1A[2K[1A[2K[1A[2K[1A[2K[1A[2K[GWebpack: Starting ...

  ÔêÜ Compile modules
  ÔêÜ Build modules
  > Optimize modules (88%)
    ÔåÆ Sealing ...
[2K[1A[2K[1A[2K[1A[2K[1A[2K[1A[2K[1A[2K[GWebpack: Starting ...

  ÔêÜ Compile modules
  ÔêÜ Build modules
  > Optimize modules (90%)
    ÔåÆ Sealing ...
[2K[1A[2K[1A[2K[1A[2K[1A[2K[1A[2K[1A[2K[GWebpack: Starting ...

  ÔêÜ Compile modules
  ÔêÜ Build modules
  > Optimize modules (93%)
    ÔåÆ Sealing ...
[2K[1A[2K[1A[2K[1A[2K[1A[2K[1A[2K[1A[2K[GWebpack: Starting ...

  ÔêÜ Compile modules
  ÔêÜ Build modules
  > Optimize modules (96%)
    ÔåÆ Sealing ...
[2K[1A[2K[1A[2K[1A[2K[1A[2K[1A[2K[1A[2K[GWebpack: Starting ...

  ÔêÜ Compile modules
  ÔêÜ Build modules
  > Optimize modules (99%)
    ÔåÆ Sealing ...
[2K[1A[2K[1A[2K[1A[2K[1A[2K[1A[2K[1A[2K[GWebpack: Starting ...

  ÔêÜ Compile modules
  ÔêÜ Build modules
  > Optimize modules (102%)
    ÔåÆ Sealing ...
[2K[1A[2K[1A[2K[1A[2K[1A[2K[1A[2K[1A[2K[GWebpack: Starting ...

  ÔêÜ Compile modules
  ÔêÜ Build modules
  ÔêÜ Optimize modules
  > Emit files
[2K[1A[2K[1A[2K[1A[2K[1A[2K[1A[2K[1A[2K[GWebpack: Starting ...

  ÔêÜ Compile modules
  ÔêÜ Build modules
  ÔêÜ Optimize modules
  ÔêÜ Emit files

Finished after 6.305 seconds.

Webpack: Starting ...
[2K[1A[2K[GWebpack: Starting ...

  ÔêÜ Compile modules
  ÔêÜ Build modules
  ÔêÜ Optimize modules
  > Emit files
[2K[1A[2K[1A[2K[1A[2K[1A[2K[1A[2K[1A[2K[GWebpack: Starting ...

  ÔêÜ Compile modules
  ÔêÜ Build modules
  ÔêÜ Optimize modules
  ÔêÜ Emit files

Finished after 0.908 seconds.

47 assets
792 modules
webpack 5.105.4 compiled [1m[32msuccessfully[39m[22m in 6299 ms
